// Vitest Snapshot v1

exports[`Components > UI > ImageCardsList > renders 1`] = `
"<section class=\\"flex flex-wrap justify-between sm:justify-center\\">
  <!--v-if-->
</section>"
`;
